[    0.00000] inuxveion 4.15.0-72-generic (buildd@lcy01-amd64-026) (gcc version 7.4.0 (Ubuntu 7.4.0-1ubuntu1~18.04.1)) #81-Ubuntu SMP Tue Nov 26 12:20:02 UTC 2019 (Ubuntu 4.15.0-72.81-generic 4.15.18)
[    0.000000] Command line: BOOT_IMAGE=/boot/vmlinuz-4.15.0-72-generic root=UUID=3636f5d4-1dd0-424-b5af-934433392 ro console=tty cnsole=tty
[    0.000000] KERNEL supported cpus:
[    0.000000]   Intel GenuineIntel
[    0.000000]   AMD AuthenticAMD
[    0.000000]   Centaur CentaurHauls
[    0.000000] x86/fpu: Supporting XSAVE feature 0x001: 'x87 floating point registers'
[    0.000000] x86/fpu: Supporting XSAVE feature 0x002: 'SSE registers'
[    0.000000] x86/fpu: Supporting XSAVE feature 0x004: 'AVX registers'
[    0.000000] x86/fpu: xstate_offset[2]:  576, xstate_sizes[2]:  256
[    0.000000] x86/fpu: Enabled xsta featur 0x7, context size is 832 bytes, using 'standard' format.
[    0.000000] e820: BIOS-provided physical RAM map:
[    0.000000] BIOS-e820: [mem 0x0000000000000000-0x000000000009fbff] usable
[    0.000000] BIOS-e820: [mem 0x000000000009fc00-0x000000000009ffff] reserved
[    0.000000] BIOS-e820: [mem 0x00000000000f0000-0x00000000000fffff] reserved
[    0.000000] BIOS-e820: [mem 0x0000000000100000-0x000000003ffeffff] usable
[    0.000000] BIOS-e820: [mem 0x000000003fff0000-0x000000003fffffff] ACPI data
[    0.000000] BIOS-e820: [mem 0x00000000fec00000-0x00000000fec00fff] reseved
[    0.000000] BIOS-e82 [em 0x00000000fee000000x00000000fee0ff] reserved
[    0.00000] BIOS82: [mm x00000000fffc000-0x0000000ffffffff] reservd
[   .000000] NX (ecute sable) protetion: acive
    0.000000] SMBOS 2.5 present.
[    0.000000] DMI: innotek GmbH VirtualBox/VirtualBox, BIOS Virtualx 12/01/06
[    0.000000] Hypervisor detected: KVM
[    0.000000] e820: last_pfn = 0fff0 max_arch_pfn = 0x400000000
[    0.000000] MTRR: Disabled
[    0.000000] x86/PAT: MTRRs disabled, skipping PAT initialization too.
[    0.000000] CPU MTRRs all blank - virtualized system.
[    0.000000] x86/PAT: Configuration [0-7]: WB  WT  UC- UC  WB  WTUC UC 
    0.000000] found SMP MP-table at [mem 0x0009fff0-0x0009ffff]
[    0.000000] Scanning 1 areas for low memory corruption
[    0.000000] RAMDISK: [mem 0x35965000-0x36ca9fff]
[    0.000000] ACPI: Early table checksum verification disabled
[    0.00000] ACPI: RSDP 0x00000000000E0000 000024 (v02 VBOX  )
[    0.0000] CPI:XS 0x0000003FFF0030003C (v01 VBOX   VBOXXSDT 00000001 ASL00000061)
[    0.000000]CP: FACP 0x000000003FFF00F0 0000F4 (v04 VBOX  BOXFACP 0000001 SL  0000061)
[    0.000000] ACPI: DSDT 0x000000003FFF0470 0021FF (v02 VBOX   VBOXBIOS 00000002 INTL 20100528)
[    0.000000] ACPI: FACS 0x000000003FFF0200 000040
[    0.00000] AI: FACSx000000003FFF0200 000040
[    0.000000] ACPI: APIC 0x000000003FFF0240 00005C (v02 VBOX   VBOXAPIC 00000001 ASL  00000061)
[    0.000000] ACPI: SSDT 0x000000003FFF02A0 0001CCv01 VBOX   VBOXCPUT 00000002 INTL 20100528)
[    00000]NoUMA conguration found
[   0.00000] Faking a node at [mem 0x00000000000000x000000003ffeffff]
[    0.000000] NODE_DATA(0) allocated [mem 0x3ffc5000-0x3ffeffff]
[    0.000000] kvm-clock: cpu 0, msr 0:3ff44001, primarycpu clock
[    0.000000] kvm-clock: Using msrs b564d01 and 4b564d00
[    0.00000] kv-cock:sing sched offset of 40105216 cycles
[    0.00000 clksur: vm-cloc mask: 0xffffffffffffffff max_cycles: 0x1cd42e4dffb, max_idle_ns: 881590591483 ns
[    0.000000] Zone ranges:
[    0.000000]   DMA      [mem 0x0000000000001000-0x0000000000ffffff]
[    0.0000]   DMA32    [mem 0x0000000001000000-0x000000003ffeffff]
[    0.000000]   Normal   empty
[    0.000000]   Device   empty
[    0.000000] Movable zone startor eacnoe
[  0000000] Ely memo nde ranges
[  0.00000   node   0: [mem 0x0000000000001000-0x000000000009ef]
  0.000000]   node   0: [mem 0x0000000000100000-0x000000003ffeffff]
[    0.000000] Rservedbut unavailable: 98 pages
[    0.000000] Initmem setup node 0 [me 0x000000000001000-0x000000003ffeffff]
[    0.000000] ACPI: PM-Timer IO Port: 0x4008
[    000000] IOAPIC[0]: apicd 2, version 32, address 0xfec00000, GSI 0-23
    0.00000] ACPI: INT_SRC_OVR (bus 0 bus_irq 0 global_ir2 fl dfl)
[    0.000000] ACPI: INT_SRC_OVR (bus 0 bus_irq 9 global_irq 9 low level)
[    0.000000] Using ACPI (MADT) for SMP configuration information
[    0.000000] smpboot: Allowing 2 CPUs, 0 hotplug CPUs
[    0.000000] PM: Registered nosave memory: [mem 0x00000000-0x00000fff]
[    0.000000] PM: Registered nosave memory: [mem 0x0009f000-0x0009ffff]
[    0.000000] PM: Registered nosave memory: [mem 0x000a0000-0x000effff]
[    0.000000] PM: Registered nosve memory: [memx000f0000-0x000ffff]
[    0.000000] e820: [mem 0x40000000-0xfebffff] avilable r PCI devices
[    0.0000] Booting paravirtualized kern on KV
[    0.000000] clocksource: refined-jiffies: mask: 0xffffffff max_cycles: 0xffffffff, max_idle_ns: 764551960211568 ns
[    0.000000] andom: get_random_bytes called from start_kernel+0x99/0x4fd with crng_init=0
[    0.000000] setup_percpu: NR_CPUS:8192 nr_cpumask_bits:2 nrcpu_ids:2 nr_node_ids
[    0.000000] percpu: Embedded 45 pages/cpu s147456 r8192 d28672 u1048576
[    0.000000] PV qspinlock hash table entries: 256 (order: 0, 4096 bytes)
[    0.000000] Built 1 zonelists, mobility grouping on.  Ttal pages: 257913
[    0.000000] Poly zone: DMA32
[    0.000000] Kernel command line: BOOT_IMAGE=/boot/vmlinuz-4.15.0-72-generic root=UUID=3636f5d4-1dd0-4284-b5af-9b234b433392 o cosolety1 conssole=ttyS0
[    0.000000] Memory: 982864K/1048120K avilae (12300K kernel code, 2481K rwdata, 4264K rodata, 2428K init, 2388K bss, 65256K rserd, 0K cmresered)
[    0000000] SLUB: HWalign=64, Order=0-3, MiObcts=0, CPUs=2, Nodes=1
[    0.000000] Kernel/User page tales ilation: enabled
[    0.000000] ftrace: allocating 39318 entries in 154 pages
[    0.004000] Hierarchicl CU ilementaion.
[    0.004000] 	RCU restricting CPUs from NR_CPUS=81 to nr_cpu_ids=2.
[    0.0000] 	Tasks RCU enabled.
[    0.004000] RCU: Adjutiin gometry for rcu_fanoutea=16, nr_cpu_ids=2
[    0.0040] R_IRS:5245, nr_irqs: 440, preallocated irqs: 16
[    0.00000] ConsolecolourGA+ 80x25
[    0.0040] console [tty1] enabled
[    0.004000] console [ttyS0] enabled
[    0.0000] ACPICore revisn 20170831
[    0.004000] ACPI: 2 ACPI AML tables successfully acquired and loaded
[    0.004000] APIC: Switch to symmetric I/O ode setup
[    0.004314] x2apic enabled
[    0.008009] Switched APIC routing to physical x2apic.
[    0.013006] ..TIMER: vector=0x30 apic1=0 pin1=2 apic2=-1 pin2=-1
[    0.016007] tsc: Detected 2303.998 MHz processor
[    0.020014] Calibrating delay loop (skipped) preset value.. 4607.99 BogoMIPS (lpj=9215992)
[    0.024007] pid_max: default: 32768 minimum: 301
[    0.028036] Security Framework initialized
[    0.032009] Yama: becoming mindful.
[    0.036033] AppArmor: AppArmor initialized
[    0.044085] Dentry cache hash table entries: 131072 (order: 8, 1048576 bytes)
[    0.048087] Inode-cache hash table entries: 65536 (order: 7, 524288 bytes)
[    0.052043] Mount-cache hash table entries: 2048 (order: 2, 16384 bytes)
[    0.056022] Mountpoint-cache hash table entries: 2048 (order: 2, 16384 bytes)
[    0.060226] Last level iTLB entries: 4KB 64, 2MB 8, 4MB 8
[    0.064006] Last level dTLB entries: 4KB 64, 2MB 0, 4MB 0, 1GB 4
[    0.068011] Spectre V1 : Mitigation: usercopy/swapgs barriers and __user pointer sanitization
[    0.072006] Spectre V2 : Mitigation: Full generic retpoline
[    0.076005] Spectre V2 : Spectre v2 / SpectreRSB mitigation: Filling RSB on context switch
[    0.080006] Speculative Store Bypass: Vulnerable
[    0.084041] MDS: Vulnerable: Clear CPU buffers attempted, no microcode
[    0.088151] Freeing SMP alternatives memory: 36K
[    0.202670] smpboot: CPU0: Intel(R) Core(TM) i5-7360U CPU @ 2.30GHz (family: 0x6, model: 0x8e, stepping: 0x9)
[    0.204103] Performance Events: unsupported p6 CPU model 142 no PMU driver, software events only.
[    0.208064] Hierarchical SRCU implementation.
[    0.212984] NMI watchdog: Perf event create on CPU 0 failed with -2
[    0.216027] NMI watchdog: Perf NMI watchdog permanently disabled
[    0.220181] smp: Bringing up secondary CPUs ...
[    0.224094] x86: Booting SMP configuration:
[    0.225076] .... node  #0, CPUs:      #1
[    0.004000] kvm-clock: cpu 1, msr 0:3ff44041, secondary cpu clock
[    0.248037] smp: Brought up 1 node, 2 CPUs
[    0.249307] smpboot: Max logical packages: 1
[    0.252011] smpboot: Total of 2 processors activated (9215.99 BogoMIPS)
[    0.256137] devtmpfs: initialized
[    0.260266] x86/mm: Memory block size: 128MB
[    0.264146] evm: security.selinux
[    0.268011] evm: security.SMACK64
[    0.272013] evm: security.SMACK64EXEC
[    0.276016] evm: security.SMACK64TRANSMUTE
[    0.280006] evm: security.SMACK64MMAP
[    0.284045] evm: security.apparmor
[    0.288011] evm: security.ima
[    0.292006] evm: security.capability
[    0.296124] clocksource: jiffies: mask: 0xffffffff max_cycles: 0xffffffff, max_idle_ns: 7645041785100000 ns
[    0.300018] futex hash table entries: 512 (order: 3, 32768 bytes)
[    0.305406] pinctrl core: initialized pinctrl subsystem
[    0.308114] RTC time:  5:20:01, date: 12/21/19
[    0.312313] NET: Registered protocol family 16
[    0.316130] audit: initializing netlink subsys (disabled)
[    0.320051] audit: type=2000 audit(1576905599.990:1): state=initialized audit_enabled=0 res=1
[    0.348010] cpuidle: using governor ladder
[    0.352017] cpuidle: using governor menu
[    0.353030] ACPI: bus type PCI registered
[    0.356006] acpiphp: ACPI Hot Plug PCI Controller Driver version: 0.5
[    0.364062] PCI: Using configuration type 1 for base access
[    0.368256] HugeTLB registered 2.00 MiB page size, pre-allocated 0 pages
[    0.376164] ACPI: Added _OSI(Module Device)
[    0.380016] ACPI: Added _OSI(Processor Device)
[    0.384014] ACPI: Added _OSI(3.0 _SCP Extensions)
[    0.388006] ACPI: Added _OSI(Processor Aggregator Device)
[    0.392022] ACPI: Added _OSI(Linux-Dell-Video)
[    0.396009] ACPI: Added _OSI(Linux-Lenovo-NV-HDMI-Audio)
[    0.400008] ACPI: Added _OSI(Linux-HPI-Hybrid-Graphics)
[    0.408137] ACPI: Executed 1 blocks of module-level executable AML code
[    0.417676] ACPI: Interpreter enabled
[    0.420029] ACPI: (supports S0 S5)
[    0.421191] ACPI: Using IOAPIC for interrupt routing
[    0.424327] PCI: Using host bridge windows from ACPI; if necessary, use "pci=nocrs" and report a bug
[    0.428321] ACPI: Enabled 2 GPEs in block 00 to 07
[    0.441300] ACPI: PCI Root Bridge [PCI0] (domain 0000 [bus 00-ff])
[    0.444022] acpi PNP0A03:00: _OSC: OS supports [ASPM ClockPM Segments MSI]
[    0.448093] acpi PNP0A03:00: _OSC: not requesting OS control; OS requires [ExtendedConfig ASPM ClockPM MSI]
[    0.452027] acpi PNP0A03:00: fail to add MMCONFIG information, can't access extended PCI configuration space under this bridge.
[    0.457227] PCI host bridge to bus 0000:00
[    0.460019] pci_bus 0000:00: root bus resource [io  0x0000-0x0cf7 window]
[    0.464007] pci_bus 0000:00: root bus resource [io  0x0d00-0xffff window]
[    0.468008] pci_bus 0000:00: root bus resource [mem 0x000a0000-0x000bffff window]
[    0.472009] pci_bus 0000:00: root bus resource [mem 0x40000000-0xfdffffff window]
[    0.476011] pci_bus 0000:00: root bus resource [bus 00-ff]
[    0.486007] pci 0000:00:01.1: legacy IDE quirk: reg 0x10: [io  0x01f0-0x01f7]
[    0.488009] pci 0000:00:01.1: legacy IDE quirk: reg 0x14: [io  0x03f6]
[    0.492004] pci 0000:00:01.1: legacy IDE quirk: reg 0x18: [io  0x0170-0x0177]
[    0.493364] pci 0000:00:01.1: legacy IDE quirk: reg 0x1c: [io  0x0376]
[    0.510767] pci 0000:00:07.0: quirk: [io  0x4000-0x403f] claimed by PIIX4 ACPI
[    0.512000] pci 0000:00:07.0: quirk: [io  0x4100-0x410f] claimed by PIIX4 SMB
[    0.525218] ACPI: PCI Interrupt Link [LNKA] (IRQs 5 9 10 *11)
[    0.526686] ACPI: PCI Interrupt Link [LNKB] (IRQs 5 9 *10 11)
[    0.528078] ACPI: PCI Interrupt Link [LNKC] (IRQs 5 *9 10 11)
[    0.529493] ACPI: PCI Interrupt Link [LNKD] (IRQs 5 9 10 *11)
[    0.532419] SCSI subsystem initialized
[    0.533339] pci 0000:00:02.0: vgaarb: setting as boot VGA device
[    0.533339] pci 0000:00:02.0: vgaarb: VGA device added: decodes=io+mem,owns=io+mem,locks=none
[    0.536006] pci 0000:00:02.0: vgaarb: bridge control possible
[    0.537344] vgaarb: loaded
[    0.540032] ACPI: bus type USB registered
[    0.540986] usbcore: registered new interface driver usbfs
[    0.541979] usbcore: registered new interface driver hub
[    0.542922] usbcore: registered new device driver usb
[    0.544055] EDAC MC: Ver: 3.0.0
[    0.544980] PCI: Using ACPI for IRQ routing
[    0.546264] NetLabel: Initializing
[    0.548006] NetLabel:  domain hash size = 128
[    0.548782] NetLabel:  protocols = UNLABELED CIPSOv4 CALIPSO
[    0.552029] NetLabel:  unlabeled traffic allowed by default
[    0.553418] clocksource: Switched to clocksource kvm-clock
[    0.567199] VFS: Disk quotas dquot_6.6.0
[    0.568258] VFS: Dquot-cache hash table entries: 52 order 0, 4096 bytes)
[    0.617240] AppArmor: AppArmor Filesystem Enabled
[    0.618600] pnp: PnP ACPI init
[    0.622063] pnp: PnP ACPI: found3 devices

[    0.657127] clocksource: acpi_pm: mask: 0xffffff max_cycles: 0xffffff, max_idle_ns: 2085701024 ns
[    0.658761] NET: Registered protocol family 2
[    0.660525] TCP established hash table entries: 8192 (order: 4, 65536 bytes)
[    0.662157] TCP bind hash table entries: 8192 (order: 5, 131072 bytes)
[  064642 T: shtables configuredesblhe81 bind 8192)
[    1.149567] UDP hash table entries: 512 (order: 2, 16384 bytes)
[    1.150923] UDP-Lite hash table entries: 512 (order: 2, 16384 te)
[  1.287 N: gisted protocol family 1
[    1.561368] pci 0000:00:00.0: Limiting direct PCI/PCI transfers
[    1.568017] pci 0000:00:01.0: Activating ISA DMA hang workarounds
[    1.569919] pci 0000:00:02.0: Video device with shadowed ROM at [mem 0x000c0000-0x000dffff]
[    172518] Unpacking initramfs...

[    1.883822] Freeing initrd memory: 19732K
[    1.884998] clocksource: tsc: mask: 0xffffffffffffffff max_cycles: 0x2135f5e6f15, max_idle_ns: 440795231538 ns
[    1.887309] platform rtc_cmos: registered platform RTC device (no PNP device found)
[    1.890296] Scanning for low memory corruption every 60 seconds
[    1.907724] Initialise system trusted keyrings
[    1.925806] Key type blacklist registered
[    1.932772] workingset: timestamp_bits=36 max_order=18 bucket_order=0
[    1.935133] zbud: loaded
[    1.942135] squashfs: version 4.0 (2009/01/31) Phillip Lougher
[    2.005740] fuse init (API version 7.26)
[    2.026244] Key type asymmetric registered
[    2.038444] Asymmetric key parser 'x509' registered
[    2.058451] Block layer SCSI generic (bsg) driver version 0.4 loaded (major 246)
[    2.071366] io scheduler noop registered
[    2.101349] io scheduler deadline registered
[    2.107946] io scheduler cfq registered (default)
[    2.109463] ACPI: AC Adapter [AC] (on-line)
[    2.116148] input: Power Button as /devices/LNXSYSTM:00/LNXPWRBN:00/input/input0
[    2.117926] ACPI: Power Button [PWRF]
[    2.118887] input: Sleep Button as /devices/LNXSYSTM:00/LNXSLPBN:00/input/input1
[    2.120629] ACPI: Sleep Button [SLPF]
[    2.129475] ACPI: Battery Slot [BAT0] (battery present)
[    2.130664] Serial: 8250/16550 driver, 32 ports, IRQ sharing enabled
[    2.160985] 00:02: ttyS0 at I/O 0x3f8 (irq = 4, base_baud = 115200) is a 16550A
[    2.165906] Linux agpgart interface v0.103
[    2.170321] loop: module loaded
[    2.171949] scsi host0: ata_piix
[    2.179259] scsi host1: ata_piix
[    2.186835] ata1: PATA max UDMA/33 cmd 0x1f0 ctl 0x3f6 bmdma 0xd000 irq 14
[    2.188509] ata2: PATA max UDMA/33 cmd 0x170 ctl 0x376 bmdma 0xd008 irq 15
[    2.195582] libphy: Fixed MDIO Bus: probed
[    2.196678] tun: Universal TUN/TAP device driver, 1.6
[    2.204916] PPP generic driver version 2.4.2
[    2.206020] ehci_hcd: USB 2.0 'Enhanced' Host Controller (EHCI) Driver
[    2.207506] ehci-pci: EHCI PCI platform driver
[    2.208596] ehci-platform: EHCI generic platform driver
[    2.209799] ohci_hcd: USB 1.1 'Open' Host Controller (OHCI) Driver
[    2.211323] ohci-pci: OHCI PCI platform driver
[    2.212446] ohci-platform: OHCI generic platform driver
[    2.213646] uhci_hcd: USB Universal Host Controller Interface driver
[    2.215122] i8042: PNP: PS/2 Controller [PNP0303:PS2K,PNP0f03:PS2M] at 0x60,0x64 irq 1,12
[    2.217413] serio: i8042 KBD port at 0x60,0x64 irq 1
[    2.218880] serio: i8042 AUX port at 0x60,0x64 irq 12
[    2.220250] mousedev: PS/2 mouse device common for all mice
[    2.229169] input: AT Translated Set 2 keyboard as /devices/platform/i8042/serio0/input/input2
[    2.232611] rtc_cmos rtc_cmos: rtc core: registered rtc_cmos as rtc0
[    2.242864] rtc_cmos rtc_cmos: alarms up to one day, 114 bytes nvram
[    2.244419] i2c /dev entries driver
[    2.245315] device-mapper: uevent: version 1.0.3
[    2.246452] device-mapper: ioctl: 4.37.0-ioctl (2017-09-20) initialised: dm-devel@redhat.com
[    2.248478] ledtrig-cpu: registered to indicate activity on CPUs
[    2.250203] NET: Registered protocol family 10
[    2.255204] Segment Routing with IPv6
[    2.256124] NET: Registered protocol family 17
[    2.257258] Key type dns_resolver registered
[    2.258557] mce: Using 0 MCE banks
[    2.265331] RAS: Correctable Errors collector initialized.
[    2.266612] sched_clock: Marking stable (2265303451, 0)->(10323930532, -8058627081)
[    2.270395] registered taskstats version 1
[    2.277138] Loading compiled-in X.509 certificates
[    2.289953] Loaded X.509 cert 'Build time autogenerated kernel key: f4f7241365689b0cbe3898188e65e316fd8f978d'
[    2.305621] zswap: loaded using pool lzo/zbud
[    2.312973] Key type big_key registered
[    2.315346] Key type trusted registered
[    2.318431] Key type encrypted registered
[    2.319577] AppArmor: AppArmor sha1 policy hashing enabled
[    2.321120] ima: No TPM chip found, activating TPM-bypass! (rc=-19)
[    2.322594] ima: Allocated hash algorithm: sha1
[    2.323850] evm: HMAC attrs: 0x1
[    2.330889]   Magic number: 15:414:315
[    2.331860] tty tty40: hash matches
[    2.333582] rtc_cmos rtc_cmos: setting system clock to 2019-12-21 05:20:04 UTC (1576905604)
[    2.345001] BIOS EDD facility v0.16 2004-Jun-25, 0 devices found
[    2.346502] EDD information not available.
[    2.376856] Freeing unused kernel image memory: 2428K
[    2.388513] Write protecting the kernel read-only data: 20480k
[    2.929337] Freeing unused kernel image memory: 2008K
[    2.930972] Freeing unused kernel image memory: 1880K
[    2.942377] x86/mm: Checked W+X mappings: passed, no W+X pages found.
[    2.943833] x86/mm: Checking user space page tables
[    3.001230] x86/mm: Checked W+X mappings: passed, no W+X pages found.
Loading, please wait...
starting version 237
[    3.084233] e1000: Intel(R) PRO/1000 Network Driver - version 7.3.21-k8-NAPI
[    3.095746] e1000: Copyright (c) 1999-2006 Intel Corporation.
[    3.096848] Fusion MPT base driver 3.04.20
[    3.106124] Copyright (c) 1999-2008 LSI Corporation
[    3.113339] Fusion MPT SPI Host driver 3.04.20
[    3.133902] AVX2 version of gcm_enc/dec engaged.
[    3.136719] AES CTR mode by8 optimization enabled
[    3.329157] input: ImExPS/2 Generic Explorer Mouse as /devices/platform/i8042/serio1/input/input4
[    3.553537] e1000 0000:00:03.0 eth0: (PCI:33MHz:32-bit) 02:89:59:7e:34:d3
[    3.565303] e1000 0000:00:03.0 eth0: Intel(R) PRO/1000 Network Connection
[    3.573323] mptbase: ioc0: Initiating bringup
[    3.668850] ioc0: LSI53C1030 A0: Capabilities={Initiator}
[    3.922575] scsi host2: ioc0: LSI53C1030 A0, FwRev=00000000h, Ports=1, MaxQ=256, IRQ=20
[    4.156565] scsi 2:0:0:0: Direct-Access     VBOX     HARDDISK         1.0  PQ: 0 ANSI: 5
[    4.208122] scsi target2:0:0: Beginning Domain Validation
[    4.212170] scsi target2:0:0: Domain Validation skipping write tests
[    4.213953] scsi target2:0:0: Ending Domain Validation
[    4.215443] scsi target2:0:0: asynchronous
[    4.217326] scsi 2:0:1:0: Direct-Access     VBOX     HARDDISK         1.0  PQ: 0 ANSI: 5
[    4.528619] scsi target2:0:1: Beginning Domain Validation
[    4.546595] random: fast init done
[    4.548302] scsi target2:0:1: Domain Validation skipping write tests
[    4.549832] scsi target2:0:1: Ending Domain Validation
[    4.551237] scsi target2:0:1: asynchronous
[    4.555615] random: systemd-udevd: uninitialized urandom read (16 bytes read)
[    4.557313] random: systemd-udevd: uninitialized urandom read (16 bytes read)
[    4.558283] e1000 0000:00:08.0 eth1: (PCI:33MHz:32-bit) 08:00:27:8a:4a:dd
[    4.571311] sd 2:0:0:0: Attached scsi generic sg0 type 0
[    4.572380] e1000 0000:00:08.0 eth1: Intel(R) PRO/1000 Network Connection
[    4.573751] sd 2:0:1:0: Attached scsi generic sg1 type 0
[    4.576313] random: systemd-udevd: uninitialized urandom read (16 bytes read)
[    4.626657] sd 2:0:1:0: [sdb] 20480 512-byte logical blocks: (10.5 MB/10.0 MiB)
[    4.628996] e1000 0000:00:08.0 enp0s8: renamed from eth1
[    4.636736] sd 2:0:0:0: [sda] 20971520 512-byte logical blocks: (10.7 GB/10.0 GiB)
[    4.641140] sd 2:0:1:0: [sdb] Write Protect is off
[    4.642313] sd 2:0:0:0: [sda] Write Protect is off
[    4.643694] sd 2:0:0:0: [sda] Incomplete mode parameter data
[    4.645231] sd 2:0:0:0: [sda] Assuming drive cache: write through
[    4.647200] sd 2:0:1:0: [sdb] Incomplete mode parameter data
[    4.648628] sd 2:0:1:0: [sdb] Assuming drive cache: write through
[    4.649869] e1000 0000:00:03.0 enp0s3: renamed from eth0
[    4.735652]  sda: sda1
[    4.752256] sd 2:0:0:0: [sda] Attached SCSI disk
[    4.785796] sd 2:0:1:0: [sdb] Attached SCSI disk
Begin: Loading essential drivers ... [    6.196065] raid6: sse2x1   gen() 12216 MB/s
[    6.292568] raid6: sse2x1   xor()  8659 MB/s
[    6.400260] raid6: sse2x2   gen() 14990 MB/s
[    6.492450] raid6: sse2x2   xor()  9259 MB/s
[    6.564300] raid6: sse2x4   gen() 16555 MB/s
[    6.612026] raid6: sse2x4   xor()  9867 MB/s
[    6.661802] raid6: avx2x1   gen() 23913 MB/s
[    6.708264] raid6: avx2x1   xor() 16285 MB/s
[    6.784021] raid6: avx2x2   gen() 28682 MB/s
[    6.888099] raid6: avx2x2   xor() 17264 MB/s
[    6.956013] raid6: avx2x4   gen() 31891 MB/s
[    7.008150] raid6: avx2x4   xor() 12397 MB/s
[    7.010772] raid6: using algorithm avx2x4 gen() 31891 MB/s
[    7.019534] raid6: .... xor() 12397 MB/s, rmw enabled
[    7.025545] raid6: using avx2x2 recovery algorithm
[    7.029725] xor: automatically using best checksumming function   avx       
[    7.061127] async_tx: api initialized (async)
done.
Begin: Running /scripts/init-premount ... done.
Begin: Mounting root file system ... Begin: Running /scripts/local-top ... done.
Begin: Running /scripts/local-premount ... [    7.139170] Btrfs loaded, crc32c=crc32c-intel
Scanning for Btrfs filesystems
done.
Warning: fsck no[    7.205258] EXT4-fs (sda1): mounted filesystem with ordered data mode. Opts: (null)
t present, so skipping root file system
done.
Begin: Running /scripts/local-bottom ... done.
Begin: Running /scripts/init-bottom ... done.
[    7.461509] ip_tables: (C) 2000-2006 Netfilter Core Team
[    7.470956] systemd[1]: systemd 237 running in system mode. (+PAM +AUDIT +SELINUX +IMA +APPARMOR +SMACK +SYSVINIT +UTMP +LIBCRYPTSETUP +GCRYPT +GNUTLS +ACL +XZ +LZ4 +SECCOMP +BLKID +ELFUTILS +KMOD -IDN2 +IDN -PCRE2 default-hierarchy=hybrid)
[    7.475078] systemd[1]: Detected virtualization oracle.
[    7.476049] systemd[1]: Detected architecture x86-64.

Welcome to [1mUbuntu 18.04.2 LTS[0m!

[    8.027491] systemd[1]: Set hostname to <ubuntu-bionic>.
[    8.336088] systemd[1]: Reached target Swap.
[[0;32m  OK  [0m] Reached target Swap.
[    8.376392] systemd[1]: Reached target User and Group Name Lookups.
[[0;32m  OK  [0m] Reached target User and Group Name Lookups.
[    8.465496] systemd[1]: Reached target System Time Synchronized.
[[0;32m  OK  [0m] Reached target System Time Synchronized.
[    8.565654] systemd[1]: Set up automount Arbitrary Executable File Formats File System Automount Point.
[[0;32m  OK  [0m] Set up automount Arbitrary Executabâ€¦rmats File System Automount Point.
[    8.640248] systemd[1]: Started Forward Password Requests to Wall Directory Watch.
[[0;32m  OK  [0m] Started Forward Password Requests to Wall Directory Watch.
[    8.743909] systemd[1]: Created slice System Slice.
[[0;32m  OK  [0m] Created slice System Slice.
[[0;32m  OK  [0m] Created slice system-serial\x2dgetty.slice.
[[0;32m  OK  [0m] Listening on udev Kernel Socket.
[[0;32m  OK  [0m] Listening on Journal Socket (/dev/log).
[[0;32m  OK  [0m] Listening on LVM2 metadata daemon socket.
[[0;32m  OK  [0m] Listening on /dev/initctl Compatibility Named Pipe.
[[0;32m  OK  [0m] Listening on udev Control Socket.
[[0;32m  OK  [0m] Listening on Journal Audit Socket.
[[0;32m  OK  [0m] Listening on Device-mapper event daemon FIFOs.
[[0;32m  OK  [0m] Listening on Network Service Netlink Socket.
[[0;32m  OK  [0m] Listening on LVM2 poll daemon socket.
[[0;32m  OK  [0m] Listening on Syslog Socket.
[[0;32m  OK  [0m] Listening on Journal Socket.
         Starting Create list of required stâ€¦ce nodes for the current kernel...
         Starting udev Coldplug all Devices...
         Starting Load Kernel Modules...
         Mounting Kernel Debug File System...
[    9.231505] Loading iSCSI transport class v2.0-870.
         Starting Set the console keyboard layout...
         Starting Remount Root and Kernel File Systems...
         Mounting POSIX Message Queue File System...
         Starting Monitoring of LVM2 mirrorsâ€¦ng dmeventd or progress polling...
[    9.291888] iscsi: registered transport (tcp)
         Mounting Huge Pages File System...
         Starting Journal Service...
[[0;32m  OK  [0m] Created slice User and Session Slice.
[[0;32m  OK  [0m] Reached target Slices.
         Starting Uncomplicated firewall...
[[0;32m  OK  [0m] Started Create list of required staâ€¦vice nodes for the current kernel.
[[0;32m  OK  [0m] Mounted Kernel Debug File System.
[[0;32m  OK  [0m] Mounted POSIX Message Queue File System.
[[0;32m  OK  [0m] Mounted Huge Pages File System.
[[0;32m  OK  [0m] Started Uncomplicated firewall.
[[0;32m  OK  [0m] Started LVM2 metadata daemon.
         Starting Create Static Device Nodes in /dev...
[[0;32m  OK  [0m] Started udev Coldplug all Devices.
[    9.388804] EXT4-fs (sda1): re-mounted. Opts: (null)
[[0;32m  OK  [0m] Started Remount Root and Kernel File Systems.
[[0;32m  OK  [0m] Started Journal Service.
         Starting Flush Journal to Persistent Storage...
         Starting Load/Save Random Seed..[    9.450096] iscsi: registered transport (iser)
.
[[0;32m  OK  [0m] Started Load Kernel Modules.
[[0;32m  OK  [0m] Started Monitoring of LVM2 mirrors,â€¦sing dmeventd or progress polling.
[[0;32m  OK  [0m] Started Create Static Device Nodes in /dev.
[[0;32m  OK  [0m] Started Load/Save Random Seed.
         Starting udev Kernel Device Manager...
         Mounting FUSE Control File System...
         Mounting Kernel Configuration File System...
         Starting Apply Kernel Variables...
[[0;32m  OK  [0m] Started udev Kernel Device Manager.
[[0;32m  OK  [0m] Mounted FUSE Control File System.
[[0;32m  OK  [0m] Mounted Kernel Configuration File System.
[[0;32m  OK  [0m] Started Apply Kernel Variables.
[[0;32m  OK  [0m] Found device /dev/ttyS0.
[[0;32m  OK  [0m] Started Flush Journal to Persistent Storage.
[[0;32m  OK  [0m] Listening on Load/Save RF Kill Switch Status /dev/rfkill Watch.
[[0;32m  OK  [0m] Started Set the console keyboard layout.
[[0;32m  OK  [0m] Started Dispatch Password Requests to Console Directory Watch.
[[0;32m  OK  [0m] Reached target Local Encrypted Volumes.
[[0;32m  OK  [0m] Reached target Local File Systems (Pre).
[[0;32m  OK  [0m] Reached target Local File Systems.
         Starting ebtables ruleset management...
         Starting Create Volatile Files and Directories...
         Starting Set console font and keymap...
         Starting AppArmor initialization...
         Starting Tell Plymouth To Write Out Runtime Data...
[[0;32m  OK  [0m] Started Create Volatile Files and Directories.
[[0;32m  OK  [0m] Started Set console font and keymap.
         Starting Update UTMP about System Boot/Shutdown...
[[0;32m  OK  [0m] Started Tell Plymouth To Write Out Runtime Data.
[[0;32m  OK  [0m] Started Update UTMP about System Boot/Shutdown.
[[0;32m  OK  [0m] Started ebtables ruleset management.
[[0;32m  OK  [0m] Started AppArmor initialization.
         Starting Initial cloud-init job (pre-networking)...
[   12.352614] cloud-init[728]: Cloud-init v. 19.1-1-gbaa47854-0ubuntu1~18.04.1 running 'init-local' at Sat, 21 Dec 2019 05:20:14 +0000. Up 12.00 seconds.
[[0;32m  OK  [0m] Started Initial cloud-init job (pre-networking).
[[0;32m  OK  [0m] Reached target Network (Pre).
         Starting Network Service...
[[0;32m  OK  [0m] Started Network Service.
         Starting Wait for Network to be Configured...
         Starting Network Name Resolution...
[[0;32m  OK  [0m] Started Network Name Resolution.
[[0;32m  OK  [0m] Reached target Network.
[[0;32m  OK  [0m] Reached target Host and Network Name Lookups.
[[0;32m  OK  [0m] Started Wait for Network to be Configured.
         Starting Initial cloud-init job (metadata service crawler)...
[   14.928539] cloud-init[838]: Cloud-init v. 19.1-1-gbaa47854-0ubuntu1~18.04.1 running 'init' at Sat, 21 Dec 2019 05:20:16 +0000. Up 14.74 seconds.
[   14.988097] cloud-init[838]: ci-info: ++++++++++++++++++++++++++++++++++++++Net device info+++++++++++++++++++++++++++++++++++++++
[   15.039101] cloud-init[838]: ci-info: +--------+------+-----------------------------+---------------+--------+-------------------+
[   15.076451] cloud-init[838]: ci-info: | Device |  Up  |           Address           |      Mask     | Scope  |     Hw-Address    |
[   15.096382] cloud-init[838]: ci-info: +--------+------+-----------------------------+---------------+--------+-------------------+
[   15.118478] cloud-init[838]: ci-info: | enp0s3 | True |          10.0.2.15          | 255.255.255.0 | global | 02:89:59:7e:34:d3 |
[[0;32m  OK  [0m] Started Initial cloud-init job (metadata service crawler).
[[0;32m  OK  [0m] Reached target Network is Online.
[   15.172583] cloud-init[838]: ci-info: | enp0s3 | True |  fe80::89:59ff:fe7e:34d3/64 |       .       |  link  | 02:89:59:7e:34:d3 |
         Starting Availability of block devices...
[[0;32m  OK  [0m] Reached target Remote File Systems (Pre).
[   15.261337] cloud-init[838]: ci-info: | enp0s8 | True |        192.168.33.10        | 255.255.255.0 | global | 08:00:27:8a:4a:dd |
[   15.346519] cloud-init[838]: ci-info: | enp0s8 | True | fe80::a00:27ff:fe8a:4add/64 |       .       |  link  | 08:00:27:8a:4a:dd |
[[0;32m  OK  [0m] Reached target Remote File Systems.
[[0;32m  OK  [0m] Reached target System Initialization.
[   15.367027] cloud-init[838]: ci-info: |   lo   | True |          127.0.0.1          |   255.0.0.0   |  host  |         .         |
         Starting LXD - unix socket.
[   15.420725] cloud-init[838]: [ci-info: |   lo   | True |           ::1/128           |       .       |  host  |         .         |[0;32m  OK  [0m] 
Started ACPI Events Check.
[[0;32m  OK  [0m] Listening on Open-iSCSI iscsid Socket.
[   15.486943] cloud-init[[0;32m  OK  [0m] Started Message of the Day.
[[0;32m  OK  [0m] Listening on D-Bus System Message Bus Socket.
[[0;32m  OK  [0m] Started Discard unused blocks once a week.
[[0;32m  OK  [0m] Reached target Paths.
[[0;32m  OK  [0m] Started Daily Cleanup of Temporary Directories.
[[0;32m  OK  [0m] Listening on UUID daemon activation socket.
[[0;32m  OK  [0m] Started Daily apt download activities.
[[0;32m  OK  [0m] Started Daily apt upgrade and clean activities.
         Starting Socket activation for snappy daemon.
[[0;32m  OK  [0m] Reached target Timers.
[[0;32m  OK  [0m] Listening on ACPID Listen Socket.
[838]: ci-info: +--------+------+-----------------------------+---------------+--------+-------------------+
[   15.508546] cloud-init[838]: ci-info: +++++++++++++++++++++++++++++Route IPv4 info+++++++++++++++++++++++++++++
[   15.508614] cloud-init[838]: ci-info: +-------+--------------+----------+-----------------+-----------+-------+
[   15.508685] cloud-init[838]: ci-info: | Route | Destination  | Gateway  |     Genmask     | Interface | Flags |
[   15.508742] cloud-init[838]: ci-info: +-------+--------------+----------+-----------------+-----------+-------+
[   15.508791] cloud-init[838]: ci-info: |   0   |   0.0.0.0    | 10.0.2.2 |     0.0.0.0     |   enp0s3  |   UG  |
[   15.508829] cloud-init[838]: ci-info: |   1   |   10.0.2.0   | 0.0.0.0  |  255.255.255.0  |   enp0s3  |   U   |
[   15.508871] cloud-init[838]: ci-info: |   2   |   10.0.2.2   | 0.0.0.0  | 255.255.255.255 |   enp0s3  |   UH  |
[   15.508903] cloud-init[838]: ci-info: |   3   | 192.168.33.0 | 0.0.0.0  |  255.255.255.0  |   enp0s8  |   U   |
[   15.508934] cloud-init[838]: ci-info: +-------+--------------+----------+-----------------+-----------+-------+
[   15.508963] cloud-init[838]: ci-info: +++++++++++++++++++Route IPv6 info+++++++++++++++++++
[   15.509316] cloud-init[838]: ci-info: +-------+-------------+---------+-----------+-------+
[   15.509356] cloud-init[838]: ci-info: | Route | Destination | Gateway | Interface | Flags |
[   15.509390] cloud-init[838]: ci-info: +-------+-------------+---------+-----------+-------+
[   15.509419] cloud-init[838]: ci-info: |   1   |  fe80::/64  |    ::   |   enp0s8  |   U   |
[   15.509447] cloud-init[838]: ci-info: |   2   |  fe80::/64  |    ::   |   enp0s3  |   U   |
[   15.509474] cloud-init[838]: ci-info: |   4   |    local    |    ::   |   enp0s3  |   U   |
[   15.509502] cloud-init[838]: ci-info: |   5   |    local    |    ::   |   enp0s8  |   U   |
[   15.509533] cloud-init[838]: ci-info: |   6   |   ff00::/8  |    ::   |   enp0s8  |   U   |
[   15.509566] cloud-init[838]: ci-info: |   7   |   ff00::/8  |    ::   |   enp0s3  |   U   |
[   15.509594] cloud-init[838]: ci-info: +-------+-------------+---------+-----------+-------+
[[0;32m  OK  [0m] Reached target Cloud-config availability.
[[0;32m  OK  [0m] Started Availability of block devices.
[[0;32m  OK  [0m] Listening on LXD - unix socket.
[[0;32m  OK  [0m] Listening on Socket activation for snappy daemon.
[[0;32m  OK  [0m] Reached target Sockets.
[[0;32m  OK  [0m] Reached target Basic System.
         Starting Accounts Service...
         Starting System Logging Service...
[[0;32m  OK  [0m] Started irqbalance daemon.
         Starting Dispatcher daemon for systemd-networkd...
[[0;32m  OK  [0m] Started Regular background program processing daemon.
         Starting LSB: Record successful boot for GRUB...
         Starting Permit User Sessions...
[[0;32m  OK  [0m] Started Deferred execution scheduler.
[[0;32m  OK  [0m] Started D-Bus System Message Bus.
         Starting LSB: automatic crash report generation...
         Starting OpenBSD Secure Shell server...
         Starting Login Service...
[[0;32m  OK  [0m] Started FUSE filesystem for LXC.
         Starting Snappy daemon...
         Starting vboxadd.service...
         Starting LXD - container startup/shutdown...
[[0;32m  OK  [0m] Started System Logging Service.
[[0;32m  OK  [0m] Started Permit User Sessions.
[[0;32m  OK  [0m] Started OpenBSD Secure Shell server.
         Starting Authorization Manager...
         Starting Hold until boot process finishes up...
         Starting Terminate Plymouth Boot Screen...
[[0;32m  OK  [0m] Started Login Service.
[[0;32m  OK  [0m] Started Hold until boot process finishes up.
[[0;32m  OK  [0m] Started Terminate Plymouth Boot Screen.
         Starting Set console scheme...
[[0;32m  OK  [0m] Started Serial Getty on ttyS0.
[[0;32m  OK  [0m] Started Unattended Upgrades Shutdown.
[[0;32m  OK  [0m] Started Authorization Manager.
[[0;32m  OK  [0m] Started Accounts Service.
[[0;32m  OK  [0m] Started Set console scheme.
[[0;32m  OK  [0m] Created slice system-getty.slice.
[[0;32m  OK  [0m] Started Getty on tty1.
[[0;32m  OK  [0m] Reached target Login Prompts.
[[0;32m  OK  [0m] Started LSB: Record successful boot for GRUB.
[[0;32m  OK  [0m] Started Dispatcher daemon for systemd-networkd.
[[0;32m  OK  [0m] Started LSB: automatic crash report generation.
[[0;32m  OK  [0m] Started Snappy daemon.
         Starting Wait until snapd is fully seeded...
[[0;32m  OK  [0m] Started LXD - container startup/shutdown.
[[0;32m  OK  [0m] Started Wait until snapd is fully seeded.
         Starting Apply the settings specified in cloud-config...
[[0;32m  OK  [0m] Started vboxadd.service.
         Starting vboxadd-service.service...
[[0;32m  OK  [0m] Started vboxadd-service.service.
[[0;32m  OK  [0m] Reached target Multi-User System.
[[0;32m  OK  [0m] Reached target Graphical Interface.
         Starting Update UTMP about System Runlevel Changes...
[[0;32m  OK  [0m] Started Update UTMP about System Runlevel Changes.
[   17.794043] cloud-init[1249]: Cloud-init v. 19.1-1-gbaa47854-0ubuntu1~18.04.1 running 'modules:config' at Sat, 21 Dec 2019 05:20:19 +0000. Up 17.69 seconds.
[[0;32m  OK  [0m] Started Apply the settings specified in cloud-config.
         Starting Execute cloud user/final scripts...
[   18.371717] cloud-init[1379]: Cloud-init v. 19.1-1-gbaa47854-0ubuntu1~18.04.1 running 'modules:final' at Sat, 21 Dec 2019 05:20:20 +0000. Up 18.26 seconds.
[   18.374621] cloud-init[1379]: Cloud-init v. 19.1-1-gbaa47854-0ubuntu1~18.04.1 finished at Sat, 21 Dec 2019 05:20:20 +0000. Datasource DataSourceNoCloud [seed=/dev/sdb][dsmode=net].  Up 18.36 seconds
[[0;32m  OK  [0m] Started Execute cloud user/final scripts.
[[0;32m  OK  [0m] Reached target Cloud-init target.

Ubuntu 18.04.2 LTS ubuntu-bionic ttyS0

ubuntu-bionic login:          Stopping Availability of block devices...
[[0;32m  OK  [0m] Stopped target Cloud-init target.
[[0;32m  OK  [0m] Stopped Execute cloud user/final scripts.
[[0;32m  OK  [0m] Stopped Apply the settings sped         Stopping LSB: Record successful boot for GRUB...
         Stopping Accounts Service...
         Stopping LSB: automatic crash report generation...
         Stopping Authorization Manager...
[[0;32m  OK  [0m] Unmounted /var/lib/lxcfs.
[[0;32m  OK  [0m] Stopped System Logging Service.
[[0;32m  OK  [0m] Stopped irqbalance daemon.
[[0;32m  OK  [0m] Stopped Accounts Service.
[[0;32m  OK  [0m] Stopped Dispatcher daemon for systemd-networkd.
[[0;32m  OK  [0m] Stopped Regular background program processing daemon.
[[0;32m  OK  [0m] Stopped Deferred execution scheduler.
[[0;32m  OK  [0m] Stopped OpenBSD Secure Shell server.
[[0;32m  OK  [0m] Stopped Authorization Manager.
[[0;32m  OK  [0m] Stopped Serial Getty on ttyS0.
[[0;32m  OK  [0m] Stopped Unattended Upgrades Shutdown.
[[0;32m  OK  [0m] Stopped Getty on tty1.
[[0;32m  OK  [0m] Stopped User Manager for UID 1000.
[[0;32m  OK  [0m] Stopped Availability of block devices.
[[0;32m  OK  [0m] Stopped D-Bus System Message Bus.
[[0;32m  OK  [0m] Stopped vboxadd-service.service.
[[0;32m  OK  [0m] Stopped FUSE filesystem for LXC.
[[0;32m  OK  [0m] Stopped Session 5 of user vagrant.
         Stopping vboxadd.service...
[[0;32m  OK  [0m] Removed slice User Slice of vagrant.
[[0;32m  OK  [0m] Removed slice system-getty.slice.
         Stopping Login Service...
[[0;32m  OK  [0m] Removed slice system-serial\x2dgetty.slice.
         Stopping Permit User Sessions...
[[0;32m  OK  [0m] Stopped LXD - container startup/shutdown.
[[0;32m  OK  [0m] Stopped LSB: Record successful boot for GRUB.
[[0;32m  OK  [0m] Unmounted /vagrant.
[[0;32m  OK  [0m] Stopped Login Service.
[[0;32m  OK  [0m] Stopped LSB: automatic crash report generation.
[[0;32m  OK  [0m] Stopped vboxadd.service.
[[0;32m  OK  [0m] Stopped Permit User Sessions.
[[0;32m  OK  [0m] Stopped target Network.
         Stopping Network Name Resolution...
[[0;32m  OK  [0m] Stopped target Remote File Systems.
[[0;32m  OK  [0m] Stopped target Remote File Systems (Pre).
[[0;32m  OK  [0m] Stopped target User and Group Name Lookups.
[[0;32m  OK  [0m] Stopped target Basic System.
[[0;32m  OK  [0m] Stopped target Sockets.
[[0;32m  OK  [0m] Closed Syslog Socket.
[[0;32m  OK  [0m] Closed D-Bus System Message Bus Socket.
[[0;32m  OK  [0m] Closed UUID daemon activation socket.
[[0;32m  OK  [0m] Closed Open-iSCSI iscsid Socket.
[[0;32m  OK  [0m] Closed ACPID Listen Socket.
[[0;32m  OK  [0m] Closed LXD - unix socket.
[[0;32m  OK  [0m] Closed Socket activation for snappy daemon.
[[0;32m  OK  [0m] Stopped target Paths.
[[0;32m  OK  [0m] Stopped ACPI Events Check.
[[0;32m  OK  [0m] Stopped target System Initialization.
[[0;32m  OK  [0m] Stopped target Local Encrypted Volumes.
[[0;32m  OK  [0m] Stopped Forward Password Requests to Wall Directory Watch.
[[0;32m  OK  [0m] Stopped Dispatch Password Requests to Console Directory Watch.
         Stopping Load/Save Random Seed...
         Stopping Update UTMP about System Boot/Shutdown...
[[0;32m  OK  [0m] Stopped Initial cloud-init job (metadata service crawler).
[[0;32m  OK  [0m] Stopped target Slices.
[[0;32m  OK  [0m] Removed slice User and Session Slice.
[[0;32m  OK  [0m] Stopped Network Name Resolution.
[[0;32m  OK  [0m] Stopped Load/Save Random Seed.
         Stopping Network Service...
[[0;32m  OK  [0m] Stopped Update UTMP about System Boot/Shutdown.
[[0;32m  OK  [0m] Stopped Create Volatile Files and Directories.
[[0;32m  OK  [0m] Stopped target Local File Systems.
         Unmounting /run/user/1000...
[[0;32m  OK  [0m] Unmounted /run/user/1000.
[[0;32m  OK  [0m] Stopped Network Service.
[[0;32m  OK  [0m] Stopped target Network (Pre).
[[0;32m  OK  [0m] Stopped Initial cloud-init job (pre-networking).
[[0;32m  OK  [0m] Stopped Apply Kernel Variables.
[[0;32m  OK  [0m] Stopped Load Kernel Modules.
[[0;32m  OK  [0m] Reached target Unmount All Filesystems.
[[0;32m  OK  [0m] Stopped target Swap.
[[0;32m  OK  [0m] Stopped target Local File Systems (Pre).
[[0;32m  OK  [0m] Stopped Remount Root and Kernel File Systems.
         Stopping Monitoring of LVM2 mirrorsâ€¦ng dmeventd or progress polling...
[[0;32m  OK  [0m] Stopped Create Static Device Nodes in /dev.
[[0;32m  OK  [0m] Reached target Shutdown.
[[0;32m  OK  [0m] Reached target Final Step.
         Starting Power-Off...
[  457.237981] reboot: Power down
